// Jest Snapshot v1, https://goo.gl/fbAQLP

exports[`renders correctly and adds outfit 1`] = `
<div>
  <div
    class="outfit grid-container"
  >
    <div
      class="card addOutfit"
    >
      <button>
        +
      </button>
      <h2>
        Add to Outfit
      </h2>
    </div>
  </div>
</div>
`;
